Archive member included because of file (symbol)

c:/davev4-64bit/dave-4.3.2/eclipse/arm-gcc-49/bin/../lib/gcc/arm-none-eabi/4.9.3/armv6-m\libgcc.a(_udivsi3.o)
                              ./Startup/system_XMC1100.o (__aeabi_uidiv)
c:/davev4-64bit/dave-4.3.2/eclipse/arm-gcc-49/bin/../lib/gcc/arm-none-eabi/4.9.3/armv6-m\libgcc.a(_divsi3.o)
                              ./Libraries/XMCLib/src/xmc1_scu.o (__aeabi_idiv)
c:/davev4-64bit/dave-4.3.2/eclipse/arm-gcc-49/bin/../lib/gcc/arm-none-eabi/4.9.3/armv6-m\libgcc.a(_dvmd_tls.o)
                              c:/davev4-64bit/dave-4.3.2/eclipse/arm-gcc-49/bin/../lib/gcc/arm-none-eabi/4.9.3/armv6-m\libgcc.a(_udivsi3.o) (__aeabi_idiv0)
c:/davev4-64bit/dave-4.3.2/eclipse/arm-gcc-49/bin/../lib/gcc/arm-none-eabi/4.9.3/../../../../arm-none-eabi/lib/armv6-m\libg_nano.a(lib_a-errno.o)
                              ./Libraries/Newlib/syscalls.o (__errno)
c:/davev4-64bit/dave-4.3.2/eclipse/arm-gcc-49/bin/../lib/gcc/arm-none-eabi/4.9.3/../../../../arm-none-eabi/lib/armv6-m\libg_nano.a(lib_a-impure.o)
                              c:/davev4-64bit/dave-4.3.2/eclipse/arm-gcc-49/bin/../lib/gcc/arm-none-eabi/4.9.3/../../../../arm-none-eabi/lib/armv6-m\libg_nano.a(lib_a-errno.o) (_impure_ptr)
c:/davev4-64bit/dave-4.3.2/eclipse/arm-gcc-49/bin/../lib/gcc/arm-none-eabi/4.9.3/../../../../arm-none-eabi/lib/armv6-m\libg_nano.a(lib_a-init.o)
                              ./Startup/startup_XMC1100.o (__libc_init_array)

Allocating common symbols
Common symbol       size              file

g_timer_tbl         0x120             ./Dave/Generated/SYSTIMER/systimer.o
button_handle       0x18              ./main.o
numsticks           0x5               ./main.o
button_status       0x6               ./main.o
display_ram         0x10              ./main.o
timer_id            0x4               ./main.o

Discarded input sections

 .text          0x00000000        0x0 ./Startup/startup_XMC1100.o
 .data          0x00000000        0x0 ./Startup/startup_XMC1100.o
 .bss           0x00000000        0x0 ./Startup/startup_XMC1100.o
 .text          0x00000000        0x0 ./Startup/system_XMC1100.o
 .data          0x00000000        0x0 ./Startup/system_XMC1100.o
 .bss           0x00000000        0x0 ./Startup/system_XMC1100.o
 .text.SystemCoreSetup
                0x00000000       0x34 ./Startup/system_XMC1100.o
 .text.SystemCoreClockSetup
                0x00000000       0x38 ./Startup/system_XMC1100.o
 .comment       0x00000000       0x71 ./Startup/system_XMC1100.o
 .text          0x00000000        0x0 ./Libraries/XMCLib/src/xmc1_eru.o
 .data          0x00000000        0x0 ./Libraries/XMCLib/src/xmc1_eru.o
 .bss           0x00000000        0x0 ./Libraries/XMCLib/src/xmc1_eru.o
 .text.XMC_ERU_Enable
                0x00000000       0x10 ./Libraries/XMCLib/src/xmc1_eru.o
 .text.XMC_ERU_Disable
                0x00000000       0x10 ./Libraries/XMCLib/src/xmc1_eru.o
 .debug_info    0x00000000      0x380 ./Libraries/XMCLib/src/xmc1_eru.o
 .debug_abbrev  0x00000000      0x119 ./Libraries/XMCLib/src/xmc1_eru.o
 .debug_loc     0x00000000       0x70 ./Libraries/XMCLib/src/xmc1_eru.o
 .debug_aranges
                0x00000000       0x28 ./Libraries/XMCLib/src/xmc1_eru.o
 .debug_ranges  0x00000000       0x18 ./Libraries/XMCLib/src/xmc1_eru.o
 .debug_line    0x00000000      0x165 ./Libraries/XMCLib/src/xmc1_eru.o
 .debug_str     0x00000000      0x264 ./Libraries/XMCLib/src/xmc1_eru.o
 .comment       0x00000000       0x71 ./Libraries/XMCLib/src/xmc1_eru.o
 .debug_frame   0x00000000       0x50 ./Libraries/XMCLib/src/xmc1_eru.o
 .ARM.attributes
                0x00000000       0x31 ./Libraries/XMCLib/src/xmc1_eru.o
 .text          0x00000000        0x0 ./Libraries/XMCLib/src/xmc1_flash.o
 .data          0x00000000        0x0 ./Libraries/XMCLib/src/xmc1_flash.o
 .bss           0x00000000        0x0 ./Libraries/XMCLib/src/xmc1_flash.o
 .text.XMC_FLASH_IsBusy
                0x00000000       0x1c ./Libraries/XMCLib/src/xmc1_flash.o
 .text.XMC_FLASH_ClearStatus
                0x00000000       0x20 ./Libraries/XMCLib/src/xmc1_flash.o
 .text.XMC_FLASH_GetStatus
                0x00000000       0x14 ./Libraries/XMCLib/src/xmc1_flash.o
 .text.XMC_FLASH_EnableEvent
                0x00000000       0x24 ./Libraries/XMCLib/src/xmc1_flash.o
 .text.XMC_FLASH_DisableEvent
                0x00000000       0x28 ./Libraries/XMCLib/src/xmc1_flash.o
 .text.XMC_FLASH_ErasePage
                0x00000000       0x1c ./Libraries/XMCLib/src/xmc1_flash.o
 .text.XMC_FLASH_ProgramVerifyPage
                0x00000000       0x20 ./Libraries/XMCLib/src/xmc1_flash.o
 .text.XMC_FLASH_WriteBlocks
                0x00000000       0xbc ./Libraries/XMCLib/src/xmc1_flash.o
 .text.XMC_FLASH_ErasePages
                0x00000000       0x44 ./Libraries/XMCLib/src/xmc1_flash.o
 .text.XMC_FLASH_VerifyBlocks
                0x00000000       0x90 ./Libraries/XMCLib/src/xmc1_flash.o
 .text.XMC_FLASH_ReadBlocks
[...]
Memory Configuration

Name             Origin             Length             Attributes
FLASH            0x10001000         0x00010000         xr
SRAM             0x20000000         0x00004000         !xr
*default*        0x00000000         0xffffffff

Linker script and memory map

LOAD ./Startup/startup_XMC1100.o
LOAD ./Startup/system_XMC1100.o
LOAD ./Libraries/XMCLib/src/xmc1_eru.o
LOAD ./Libraries/XMCLib/src/xmc1_flash.o
LOAD ./Libraries/XMCLib/src/xmc1_gpio.o
LOAD ./Libraries/XMCLib/src/xmc1_rtc.o
LOAD ./Libraries/XMCLib/src/xmc1_scu.o
LOAD ./Libraries/XMCLib/src/xmc_acmp.o
LOAD ./Libraries/XMCLib/src/xmc_bccu.o
LOAD ./Libraries/XMCLib/src/xmc_can.o
LOAD ./Libraries/XMCLib/src/xmc_ccu4.o
LOAD ./Libraries/XMCLib/src/xmc_ccu8.o
LOAD ./Libraries/XMCLib/src/xmc_common.o
LOAD ./Libraries/XMCLib/src/xmc_eru.o
LOAD ./Libraries/XMCLib/src/xmc_gpio.o
LOAD ./Libraries/XMCLib/src/xmc_i2c.o
LOAD ./Libraries/XMCLib/src/xmc_i2s.o
LOAD ./Libraries/XMCLib/src/xmc_ledts.o
LOAD ./Libraries/XMCLib/src/xmc_math.o
LOAD ./Libraries/XMCLib/src/xmc_pau.o
LOAD ./Libraries/XMCLib/src/xmc_posif.o
LOAD ./Libraries/XMCLib/src/xmc_prng.o
LOAD ./Libraries/XMCLib/src/xmc_rtc.o
LOAD ./Libraries/XMCLib/src/xmc_spi.o
LOAD ./Libraries/XMCLib/src/xmc_uart.o
LOAD ./Libraries/XMCLib/src/xmc_usic.o
LOAD ./Libraries/XMCLib/src/xmc_vadc.o
LOAD ./Libraries/XMCLib/src/xmc_wdt.o
LOAD ./Libraries/Newlib/syscalls.o
LOAD ./Dave/Generated/SYSTIMER/systimer.o
LOAD ./Dave/Generated/SYSTIMER/systimer_conf.o
LOAD ./Dave/Generated/PWM_CCU4/pwm_ccu4.o
LOAD ./Dave/Generated/PWM_CCU4/pwm_ccu4_conf.o
LOAD ./Dave/Generated/I2C_MASTER/i2c_master.o
LOAD ./Dave/Generated/I2C_MASTER/i2c_master_conf.o
LOAD ./Dave/Generated/GLOBAL_CCU4/global_ccu4.o
LOAD ./Dave/Generated/GLOBAL_CCU4/global_ccu4_conf.o
LOAD ./Dave/Generated/DIGITAL_IO/digital_io.o
LOAD ./Dave/Generated/DIGITAL_IO/digital_io_conf.o
LOAD ./Dave/Generated/CPU_CTRL_XMC1/cpu_ctrl_xmc1.o
LOAD ./Dave/Generated/CPU_CTRL_XMC1/cpu_ctrl_xmc1_conf.o
LOAD ./Dave/Generated/CLOCK_XMC1/clock_xmc1.o
LOAD ./Dave/Generated/CLOCK_XMC1/clock_xmc1_conf.o
LOAD ./Dave/Generated/DAVE.o
LOAD ./main.o
LOAD c:/davev4-64bit/dave-4.3.2/eclipse/arm-gcc-49/bin/../lib/gcc/arm-none-eabi/4.9.3/../../../../arm-none-eabi/lib/armv6-m\libm.a
START GROUP
LOAD c:/davev4-64bit/dave-4.3.2/eclipse/arm-gcc-49/bin/../lib/gcc/arm-none-eabi/4.9.3/armv6-m\libgcc.a
LOAD c:/davev4-64bit/dave-4.3.2/eclipse/arm-gcc-49/bin/../lib/gcc/arm-none-eabi/4.9.3/../../../../arm-none-eabi/lib/armv6-m\libg_nano.a
LOAD c:/davev4-64bit/dave-4.3.2/eclipse/arm-gcc-49/bin/../lib/gcc/arm-none-eabi/4.9.3/../../../../arm-none-eabi/lib/armv6-m\libc_nano.a
END GROUP
START GROUP
LOAD c:/davev4-64bit/dave-4.3.2/eclipse/arm-gcc-49/bin/../lib/gcc/arm-none-eabi/4.9.3/armv6-m\libgcc.a
LOAD c:/davev4-64bit/dave-4.3.2/eclipse/arm-gcc-49/bin/../lib/gcc/arm-none-eabi/4.9.3/../../../../arm-none-eabi/lib/armv6-m\libc_nano.a
LOAD c:/davev4-64bit/dave-4.3.2/eclipse/arm-gcc-49/bin/../lib/gcc/arm-none-eabi/4.9.3/../../../../arm-none-eabi/lib/armv6-m\librdimon_nano.a
LOAD c:/davev4-64bit/dave-4.3.2/eclipse/arm-gcc-49/bin/../lib/gcc/arm-none-eabi/4.9.3/../../../../arm-none-eabi/lib/armv6-m\libnosys.a
END GROUP
START GROUP
LOAD c:/davev4-64bit/dave-4.3.2/eclipse/arm-gcc-49/bin/../lib/gcc/arm-none-eabi/4.9.3/armv6-m\libgcc.a
LOAD c:/davev4-64bit/dave-4.3.2/eclipse/arm-gcc-49/bin/../lib/gcc/arm-none-eabi/4.9.3/../../../../arm-none-eabi/lib/armv6-m\libc_nano.a
LOAD c:/davev4-64bit/dave-4.3.2/eclipse/arm-gcc-49/bin/../lib/gcc/arm-none-eabi/4.9.3/../../../../arm-none-eabi/lib/armv6-m\libnosys.a
END GROUP
START GROUP
LOAD c:/davev4-64bit/dave-4.3.2/eclipse/arm-gcc-49/bin/../lib/gcc/arm-none-eabi/4.9.3/armv6-m\libgcc.a
LOAD c:/davev4-64bit/dave-4.3.2/eclipse/arm-gcc-49/bin/../lib/gcc/arm-none-eabi/4.9.3/../../../../arm-none-eabi/lib/armv6-m\libc_nano.a
LOAD c:/davev4-64bit/dave-4.3.2/eclipse/arm-gcc-49/bin/../lib/gcc/arm-none-eabi/4.9.3/../../../../arm-none-eabi/lib/armv6-m\librdimon_nano.a
END GROUP
                0x00000400                stack_size = DEFINED (stack_size)?stack_size:0x400
                0x00000004                no_init_size = 0x4

.text           0x10001000     0x4bd4
                0x10001000                sText = .
 *(.reset)
 .reset         0x10001000       0x9c ./Startup/startup_XMC1100.o
                0x10001000                __Vectors
                0x10001018                Reset_Handler
                0x10001098                USIC0_5_IRQHandler
                0x10001098                HardFault_Handler
                0x10001098                PendSV_Handler
                0x10001098                CCU40_2_IRQHandler
                0x10001098                SCU_0_IRQHandler
                0x10001098                ERU0_0_IRQHandler
                0x10001098                USIC0_0_IRQHandler
                0x10001098                ERU0_2_IRQHandler
                0x10001098                ERU0_3_IRQHandler
                0x10001098                VADC0_C0_0_IRQHandler
                0x10001098                CCU40_0_IRQHandler
                0x10001098                VADC0_C0_1_IRQHandler
                0x10001098                SVC_Handler
                0x10001098                USIC0_3_IRQHandler
                0x10001098                CCU40_1_IRQHandler
                0x10001098                SCU_2_IRQHandler
                0x10001098                CCU40_3_IRQHandler
                0x10001098                USIC0_4_IRQHandler
                0x10001098                SCU_1_IRQHandler
                0x10001098                ERU0_1_IRQHandler
                0x10001098                Default_handler
 *(.text .text.* .gnu.linkonce.t.*)
 .text.SystemInit
                0x1000109c       0x10 ./Startup/system_XMC1100.o
                0x1000109c                SystemInit
 .text.SystemCoreClockUpdate
                0x100010ac       0x68 ./Startup/system_XMC1100.o
                0x100010ac                SystemCoreClockUpdate
 .text.XMC_GPIO_Init
                0x10001114      0x170 ./Libraries/XMCLib/src/xmc1_gpio.o
                0x10001114                XMC_GPIO_Init
 .text.XMC_SCU_LockProtectedBits
                0x10001284       0x14 ./Libraries/XMCLib/src/xmc1_scu.o
                0x10001284                XMC_SCU_LockProtectedBits
 .text.XMC_SCU_UnlockProtectedBits
                0x10001298       0x20 ./Libraries/XMCLib/src/xmc1_scu.o
                0x10001298                XMC_SCU_UnlockProtectedBits
 .text.XMC_SCU_CLOCK_Init
                0x100012b8       0x48 ./Libraries/XMCLib/src/xmc1_scu.o
                0x100012b8                XMC_SCU_CLOCK_Init
 .text.XMC_SCU_CLOCK_UngatePeripheralClock
                0x10001300       0x3c ./Libraries/XMCLib/src/xmc1_scu.o
                0x10001300                XMC_SCU_CLOCK_UngatePeripheralClock
 .text.XMC_SCU_CLOCK_ScaleMCLKFrequency
                0x1000133c       0xa4 ./Libraries/XMCLib/src/xmc1_scu.o
                0x1000133c                XMC_SCU_CLOCK_ScaleMCLKFrequency
 .text.XMC_SCU_CLOCK_lFrequencyUpScaling
                0x100013e0       0x54 ./Libraries/XMCLib/src/xmc1_scu.o
 .text.XMC_SCU_CLOCK_lFrequencyDownScaling
                0x10001434       0x5c ./Libraries/XMCLib/src/xmc1_scu.o
 .text.XMC_SCU_CLOCK_GetPeripheralClockFrequency
                0x10001490       0x14 ./Libraries/XMCLib/src/xmc1_scu.o
                0x10001490                XMC_SCU_CLOCK_GetPeripheralClockFrequency
 .text.XMC_CCU4_StartPrescaler
                0x100014a4       0x1c ./Libraries/XMCLib/src/xmc_ccu4.o
 .text.XMC_CCU4_lUngateClock
                0x100014c0       0x24 ./Libraries/XMCLib/src/xmc_ccu4.o
 .text.XMC_CCU4_EnableModule
                0x100014e4       0x18 ./Libraries/XMCLib/src/xmc_ccu4.o
                0x100014e4                XMC_CCU4_EnableModule
 .text.XMC_CCU4_Init
                0x100014fc       0x48 ./Libraries/XMCLib/src/xmc_ccu4.o
                0x100014fc                XMC_CCU4_Init
 .text.XMC_CCU4_SetMultiChannelShadowTransferMode
                0x10001544       0x34 ./Libraries/XMCLib/src/xmc_ccu4.o
                0x10001544                XMC_CCU4_SetMultiChannelShadowTransferMode
 .text.XMC_CCU4_SLICE_CompareInit
                0x10001578       0x68 ./Libraries/XMCLib/src/xmc_ccu4.o
                0x10001578                XMC_CCU4_SLICE_CompareInit
 .text.XMC_CCU4_SLICE_StartConfig
                0x100015e0       0x68 ./Libraries/XMCLib/src/xmc_ccu4.o
                0x100015e0                XMC_CCU4_SLICE_StartConfig
 .text.XMC_CCU4_SLICE_StopConfig
                0x10001648       0x64 ./Libraries/XMCLib/src/xmc_ccu4.o
                0x10001648                XMC_CCU4_SLICE_StopConfig
 .text.XMC_CCU4_SLICE_LoadConfig
                0x100016ac       0x38 ./Libraries/XMCLib/src/xmc_ccu4.o
                0x100016ac                XMC_CCU4_SLICE_LoadConfig
 .text.XMC_CCU4_SLICE_ModulationConfig
                0x100016e4       0x98 ./Libraries/XMCLib/src/xmc_ccu4.o
                0x100016e4                XMC_CCU4_SLICE_ModulationConfig
 .text.XMC_CCU4_SLICE_CountConfig
                0x1000177c       0x38 ./Libraries/XMCLib/src/xmc_ccu4.o
                0x1000177c                XMC_CCU4_SLICE_CountConfig
 .text.XMC_CCU4_SLICE_GateConfig
                0x100017b4       0x38 ./Libraries/XMCLib/src/xmc_ccu4.o
                0x100017b4                XMC_CCU4_SLICE_GateConfig
 .text.XMC_CCU4_SLICE_DirectionConfig
                0x100017ec       0x38 ./Libraries/XMCLib/src/xmc_ccu4.o
                0x100017ec                XMC_CCU4_SLICE_DirectionConfig
 .text.XMC_CCU4_SLICE_StatusBitOverrideConfig
                0x10001824       0x30 ./Libraries/XMCLib/src/xmc_ccu4.o
                0x10001824                XMC_CCU4_SLICE_StatusBitOverrideConfig
 .text.XMC_CCU4_SLICE_TrapConfig
                0x10001854       0x8c ./Libraries/XMCLib/src/xmc_ccu4.o
                0x10001854                XMC_CCU4_SLICE_TrapConfig
 .text.XMC_CCU4_SLICE_ConfigureStatusBitOverrideEvent
                0x100018e0       0xdc ./Libraries/XMCLib/src/xmc_ccu4.o
                0x100018e0                XMC_CCU4_SLICE_ConfigureStatusBitOverrideEvent
 .text.XMC_CCU4_SLICE_ConfigureEvent
                0x100019bc      0x11c ./Libraries/XMCLib/src/xmc_ccu4.o
                0x100019bc                XMC_CCU4_SLICE_ConfigureEvent
 .text.XMC_CCU4_SLICE_SetInterruptNode
                0x10001ad8       0x98 ./Libraries/XMCLib/src/xmc_ccu4.o
                0x10001ad8                XMC_CCU4_SLICE_SetInterruptNode
 .text.XMC_GPIO_SetHardwareControl
                0x10001b70       0x4c ./Libraries/XMCLib/src/xmc_gpio.o
                0x10001b70                XMC_GPIO_SetHardwareControl
 .text.XMC_USIC_CH_GetTransmitBufferStatus
                0x10001bbc       0x1c ./Libraries/XMCLib/src/xmc_i2c.o
 .text.XMC_I2C_CH_ClearStatusFlag
                0x10001bd8       0x1c ./Libraries/XMCLib/src/xmc_i2c.o
 .text.XMC_I2C_CH_Init
                0x10001bf4       0x54 ./Libraries/XMCLib/src/xmc_i2c.o
                0x10001bf4                XMC_I2C_CH_Init
 .text.XMC_I2C_CH_SetSlaveAddress
                0x10001c48       0x50 ./Libraries/XMCLib/src/xmc_i2c.o
                0x10001c48                XMC_I2C_CH_SetSlaveAddress
 .text.XMC_I2C_CH_SetBaudrate
                0x10001c98       0x98 ./Libraries/XMCLib/src/xmc_i2c.o
                0x10001c98                XMC_I2C_CH_SetBaudrate
 .text.XMC_I2C_CH_MasterStart
                0x10001d30       0x80 ./Libraries/XMCLib/src/xmc_i2c.o
                0x10001d30                XMC_I2C_CH_MasterStart
 .text.XMC_I2C_CH_MasterRepeatedStart
                0x10001db0       0x80 ./Libraries/XMCLib/src/xmc_i2c.o
                0x10001db0                XMC_I2C_CH_MasterRepeatedStart
 .text.XMC_I2C_CH_MasterStop
                0x10001e30       0x54 ./Libraries/XMCLib/src/xmc_i2c.o
                0x10001e30                XMC_I2C_CH_MasterStop
 .text.XMC_I2C_CH_MasterTransmit
                0x10001e84       0x5c ./Libraries/XMCLib/src/xmc_i2c.o
                0x10001e84                XMC_I2C_CH_MasterTransmit
 .text.XMC_I2C_CH_MasterReceiveAck
                0x10001ee0       0x54 ./Libraries/XMCLib/src/xmc_i2c.o
                0x10001ee0                XMC_I2C_CH_MasterReceiveAck
 .text.XMC_I2C_CH_MasterReceiveNack
                0x10001f34       0x54 ./Libraries/XMCLib/src/xmc_i2c.o
                0x10001f34                XMC_I2C_CH_MasterReceiveNack
 .text.XMC_I2C_CH_GetReceivedData
                0x10001f88       0x40 ./Libraries/XMCLib/src/xmc_i2c.o
                0x10001f88                XMC_I2C_CH_GetReceivedData
 .text.XMC_I2C_CH_EnableEvent
                0x10001fc8       0x38 ./Libraries/XMCLib/src/xmc_i2c.o
                0x10001fc8                XMC_I2C_CH_EnableEvent
 .text.XMC_I2C_CH_DisableEvent
                0x10002000       0x3c ./Libraries/XMCLib/src/xmc_i2c.o
                0x10002000                XMC_I2C_CH_DisableEvent
 .text.XMC_USIC_CH_Enable
                0x1000203c       0x50 ./Libraries/XMCLib/src/xmc_usic.o
                0x1000203c                XMC_USIC_CH_Enable
 .text.XMC_USIC_CH_SetBaudrate
                0x1000208c       0xec ./Libraries/XMCLib/src/xmc_usic.o
                0x1000208c                XMC_USIC_CH_SetBaudrate
 .text.XMC_USIC_CH_TXFIFO_Configure
                0x10002178       0x5c ./Libraries/XMCLib/src/xmc_usic.o
                0x10002178                XMC_USIC_CH_TXFIFO_Configure
 .text.XMC_USIC_CH_RXFIFO_Configure
                0x100021d4       0x64 ./Libraries/XMCLib/src/xmc_usic.o
                0x100021d4                XMC_USIC_CH_RXFIFO_Configure
 .text.XMC_USIC_CH_RXFIFO_SetSizeTriggerLimit
                0x10002238       0x5c ./Libraries/XMCLib/src/xmc_usic.o
                0x10002238                XMC_USIC_CH_RXFIFO_SetSizeTriggerLimit
 .text.XMC_USIC_CH_SetInterruptNodePointer
                0x10002294       0x40 ./Libraries/XMCLib/src/xmc_usic.o
                0x10002294                XMC_USIC_CH_SetInterruptNodePointer
 .text.XMC_USIC_CH_TXFIFO_SetInterruptNodePointer
                0x100022d4       0x48 ./Libraries/XMCLib/src/xmc_usic.o
                0x100022d4                XMC_USIC_CH_TXFIFO_SetInterruptNodePointer
 .text.XMC_USIC_CH_RXFIFO_SetInterruptNodePointer
                0x1000231c       0x48 ./Libraries/XMCLib/src/xmc_usic.o
                0x1000231c                XMC_USIC_CH_RXFIFO_SetInterruptNodePointer
 .text.XMC_USIC_Enable
                0x10002364       0x20 ./Libraries/XMCLib/src/xmc_usic.o
                0x10002364                XMC_USIC_Enable
 .text._init    0x10002384        0x8 ./Libraries/Newlib/syscalls.o
                0x10002384                _init
 .text.NVIC_SetPriority
                0x1000238c       0xd4 ./Dave/Generated/SYSTIMER/systimer.o
 .text.SysTick_Config
                0x10002460       0x48 ./Dave/Generated/SYSTIMER/systimer.o
 .text.SYSTIMER_lInsertTimerList
                0x100024a8      0x1c8 ./Dave/Generated/SYSTIMER/systimer.o
 .text.SYSTIMER_lRemoveTimerList
                0x10002670       0xbc ./Dave/Generated/SYSTIMER/systimer.o
 .text.SYSTIMER_lTimerHandler
                0x1000272c       0xcc ./Dave/Generated/SYSTIMER/systimer.o
 .text.SysTick_Handler
                0x100027f8       0x48 ./Dave/Generated/SYSTIMER/systimer.o
                0x100027f8                SysTick_Handler
 .text.SYSTIMER_Init
                0x10002840       0x78 ./Dave/Generated/SYSTIMER/systimer.o
                0x10002840                SYSTIMER_Init
 .text.SYSTIMER_CreateTimer
                0x100028b8      0x140 ./Dave/Generated/SYSTIMER/systimer.o
                0x100028b8                SYSTIMER_CreateTimer
 .text.SYSTIMER_StartTimer
                0x100029f8       0x8c ./Dave/Generated/SYSTIMER/systimer.o
                0x100029f8                SYSTIMER_StartTimer
 .text.XMC_CCU4_EnableClock
                0x10002a84       0x28 ./Dave/Generated/PWM_CCU4/pwm_ccu4.o
 .text.XMC_CCU4_DisableClock
                0x10002aac       0x28 ./Dave/Generated/PWM_CCU4/pwm_ccu4.o
 .text.XMC_CCU4_SLICE_EnableTrap
                0x10002ad4       0x1c ./Dave/Generated/PWM_CCU4/pwm_ccu4.o
 .text.XMC_CCU4_SLICE_StartTimer
                0x10002af0       0x14 ./Dave/Generated/PWM_CCU4/pwm_ccu4.o
 .text.XMC_CCU4_SLICE_StopTimer
                0x10002b04       0x14 ./Dave/Generated/PWM_CCU4/pwm_ccu4.o
 .text.XMC_CCU4_SLICE_ClearTimer
                0x10002b18       0x14 ./Dave/Generated/PWM_CCU4/pwm_ccu4.o
 .text.XMC_CCU4_SLICE_SetTimerPeriodMatch
                0x10002b2c       0x1c ./Dave/Generated/PWM_CCU4/pwm_ccu4.o
 .text.XMC_CCU4_SLICE_SetTimerCompareMatch
                0x10002b48       0x1c ./Dave/Generated/PWM_CCU4/pwm_ccu4.o
 .text.XMC_CCU4_EnableShadowTransfer
                0x10002b64       0x18 ./Dave/Generated/PWM_CCU4/pwm_ccu4.o
 .text.XMC_CCU4_SLICE_EnableEvent
                0x10002b7c       0x2c ./Dave/Generated/PWM_CCU4/pwm_ccu4.o
 .text.PWM_CCU4_Init
                0x10002ba8      0x168 ./Dave/Generated/PWM_CCU4/pwm_ccu4.o
                0x10002ba8                PWM_CCU4_Init
 .text.PWM_CCU4_lInit_Interrupt
                0x10002d10      0x134 ./Dave/Generated/PWM_CCU4/pwm_ccu4.o
 .text.PWM_CCU4_lConfigure_Events
                0x10002e44      0x1bc ./Dave/Generated/PWM_CCU4/pwm_ccu4.o
 .text.PWM_CCU4_Start
                0x10003000       0x64 ./Dave/Generated/PWM_CCU4/pwm_ccu4.o
                0x10003000                PWM_CCU4_Start
 .text.PWM_CCU4_Stop
                0x10003064       0x58 ./Dave/Generated/PWM_CCU4/pwm_ccu4.o
                0x10003064                PWM_CCU4_Stop
 .text.PWM_CCU4_SetFreq
                0x100030bc       0xdc ./Dave/Generated/PWM_CCU4/pwm_ccu4.o
                0x100030bc                PWM_CCU4_SetFreq
 .text.XMC_USIC_CH_DisableEvent
                0x10003198       0x20 ./Dave/Generated/I2C_MASTER/i2c_master.o
 .text.XMC_USIC_CH_GetTransmitBufferStatus
                0x100031b8       0x1c ./Dave/Generated/I2C_MASTER/i2c_master.o
 .text.XMC_USIC_CH_TriggerServiceRequest
                0x100031d4       0x1c ./Dave/Generated/I2C_MASTER/i2c_master.o
 .text.XMC_USIC_CH_TXFIFO_EnableEvent
                0x100031f0       0x28 ./Dave/Generated/I2C_MASTER/i2c_master.o
 .text.XMC_USIC_CH_TXFIFO_DisableEvent
                0x10003218       0x28 ./Dave/Generated/I2C_MASTER/i2c_master.o
 .text.XMC_USIC_CH_TXFIFO_IsFull
                0x10003240       0x24 ./Dave/Generated/I2C_MASTER/i2c_master.o
 .text.XMC_USIC_CH_TXFIFO_IsEmpty
                0x10003264       0x24 ./Dave/Generated/I2C_MASTER/i2c_master.o
 .text.XMC_USIC_CH_RXFIFO_DisableEvent
                0x10003288       0x28 ./Dave/Generated/I2C_MASTER/i2c_master.o
 .text.XMC_USIC_CH_RXFIFO_IsEmpty
                0x100032b0       0x24 ./Dave/Generated/I2C_MASTER/i2c_master.o
 .text.XMC_I2C_CH_SetInterruptNodePointer
                0x100032d4       0x24 ./Dave/Generated/I2C_MASTER/i2c_master.o
 .text.XMC_I2C_CH_GetStatusFlag
                0x100032f8       0x14 ./Dave/Generated/I2C_MASTER/i2c_master.o
 .text.XMC_I2C_CH_ClearStatusFlag
                0x1000330c       0x1c ./Dave/Generated/I2C_MASTER/i2c_master.o
 .text.I2C_MASTER_SetRXFIFOTriggerLimit
                0x10003328       0x28 ./Dave/Generated/I2C_MASTER/i2c_master.o
 .text.I2C_MASTER_IsTXFIFOFull
                0x10003350       0x1c ./Dave/Generated/I2C_MASTER/i2c_master.o
 .text.I2C_MASTER_IsRXFIFOEmpty
                0x1000336c       0x1c ./Dave/Generated/I2C_MASTER/i2c_master.o
 .text.I2C_MASTER_GetReceivedByte
                0x10003388       0x1c ./Dave/Generated/I2C_MASTER/i2c_master.o
 .text.I2C_MASTER_TransmitByte
                0x100033a4       0x24 ./Dave/Generated/I2C_MASTER/i2c_master.o
 .text.I2C_MASTER_EnableEvent
                0x100033c8       0x20 ./Dave/Generated/I2C_MASTER/i2c_master.o
 .text.I2C_MASTER_DisableEvent
                0x100033e8       0x20 ./Dave/Generated/I2C_MASTER/i2c_master.o
 .text.I2C_MASTER_ReceiveACK
                0x10003408       0x18 ./Dave/Generated/I2C_MASTER/i2c_master.o
 .text.I2C_MASTER_ReceiveNACK
                0x10003420       0x18 ./Dave/Generated/I2C_MASTER/i2c_master.o
 .text.I2C_MASTER_SendStop
                0x10003438       0x18 ./Dave/Generated/I2C_MASTER/i2c_master.o
 .text.I2C_MASTER_SendStart
                0x10003450       0x2c ./Dave/Generated/I2C_MASTER/i2c_master.o
 .text.I2C_MASTER_SendRepeatedStart
                0x1000347c       0x2c ./Dave/Generated/I2C_MASTER/i2c_master.o
 .text.calculate_minfifosize
                0x100034a8       0x28 ./Dave/Generated/I2C_MASTER/i2c_master.o
 .text.I2C_MASTER_Init
                0x100034d0       0x38 ./Dave/Generated/I2C_MASTER/i2c_master.o
                0x100034d0                I2C_MASTER_Init
 .text.I2C_MASTER_GetFlagStatus
                0x10003508       0x28 ./Dave/Generated/I2C_MASTER/i2c_master.o
                0x10003508                I2C_MASTER_GetFlagStatus
 .text.I2C_MASTER_ClearFlag
                0x10003530       0x20 ./Dave/Generated/I2C_MASTER/i2c_master.o
                0x10003530                I2C_MASTER_ClearFlag
 .text.I2C_MASTER_Transmit
                0x10003550       0x5c ./Dave/Generated/I2C_MASTER/i2c_master.o
                0x10003550                I2C_MASTER_Transmit
 .text.I2C_MASTER_TransmitHandler
                0x100035ac      0x280 ./Dave/Generated/I2C_MASTER/i2c_master.o
                0x100035ac                I2C_MASTER_TransmitHandler
 .text.I2C_MASTER_lSendStop_JumpTo_TxCallback
                0x1000382c       0x68 ./Dave/Generated/I2C_MASTER/i2c_master.o
 .text.I2C_MASTER_lSendStart_Or_RepeatedStart
                0x10003894       0x58 ./Dave/Generated/I2C_MASTER/i2c_master.o
 .text.I2C_MASTER_StartTransmitIRQ
                0x100038ec       0xfc ./Dave/Generated/I2C_MASTER/i2c_master.o
                0x100038ec                I2C_MASTER_StartTransmitIRQ
 .text.I2C_MASTER_ReceiveHandler
                0x100039e8      0x288 ./Dave/Generated/I2C_MASTER/i2c_master.o
                0x100039e8                I2C_MASTER_ReceiveHandler
 .text.I2C_MASTER_lSendStop_JumpTo_RxCallback
                0x10003c70       0x74 ./Dave/Generated/I2C_MASTER/i2c_master.o
 .text.I2C_MASTER_ProtocolHandler
                0x10003ce4       0x90 ./Dave/Generated/I2C_MASTER/i2c_master.o
                0x10003ce4                I2C_MASTER_ProtocolHandler
 .text.I2C_MASTER_lReconfigureRxFIFO
                0x10003d74       0x94 ./Dave/Generated/I2C_MASTER/i2c_master.o
 .text.NVIC_EnableIRQ
                0x10003e08       0x2c ./Dave/Generated/I2C_MASTER/i2c_master_conf.o
 .text.NVIC_SetPriority
                0x10003e34       0xd4 ./Dave/Generated/I2C_MASTER/i2c_master_conf.o
 .text.XMC_USIC_CH_SetInputSource
                0x10003f08       0x48 ./Dave/Generated/I2C_MASTER/i2c_master_conf.o
 .text.XMC_USIC_CH_TXFIFO_EnableEvent
                0x10003f50       0x28 ./Dave/Generated/I2C_MASTER/i2c_master_conf.o
 .text.XMC_USIC_CH_RXFIFO_EnableEvent
                0x10003f78       0x28 ./Dave/Generated/I2C_MASTER/i2c_master_conf.o
 .text.XMC_USIC_CH_SetMode
                0x10003fa0       0x28 ./Dave/Generated/I2C_MASTER/i2c_master_conf.o
 .text.XMC_I2C_CH_Start
                0x10003fc8       0x18 ./Dave/Generated/I2C_MASTER/i2c_master_conf.o
 .text.i2c_bus_init
                0x10003fe0      0x144 ./Dave/Generated/I2C_MASTER/i2c_master_conf.o
                0x10003fe0                i2c_bus_init
 .text.USIC0_2_IRQHandler
                0x10004124       0x14 ./Dave/Generated/I2C_MASTER/i2c_master_conf.o
                0x10004124                USIC0_2_IRQHandler
 .text.USIC0_1_IRQHandler
                0x10004138       0x14 ./Dave/Generated/I2C_MASTER/i2c_master_conf.o
                0x10004138                USIC0_1_IRQHandler
 .text.XMC_CCU4_StartPrescaler
                0x1000414c       0x1c ./Dave/Generated/GLOBAL_CCU4/global_ccu4.o
 .text.GLOBAL_CCU4_Init
                0x10004168       0x40 ./Dave/Generated/GLOBAL_CCU4/global_ccu4.o
                0x10004168                GLOBAL_CCU4_Init
 .text.DIGITAL_IO_Init
                0x100041a8       0x40 ./Dave/Generated/DIGITAL_IO/digital_io.o
                0x100041a8                DIGITAL_IO_Init
 .text.SystemCoreSetup
                0x100041e8        0x8 ./Dave/Generated/CPU_CTRL_XMC1/cpu_ctrl_xmc1_conf.o
                0x100041e8                SystemCoreSetup
 .text.CLOCK_XMC1_Init
                0x100041f0       0x84 ./Dave/Generated/CLOCK_XMC1/clock_xmc1.o
                0x100041f0                CLOCK_XMC1_Init
 .text.SystemCoreClockSetup
                0x10004274       0x20 ./Dave/Generated/CLOCK_XMC1/clock_xmc1_conf.o
                0x10004274                SystemCoreClockSetup
 .text.DAVE_Init
                0x10004294      0x130 ./Dave/Generated/DAVE.o
                0x10004294                DAVE_Init
 .text.XMC_GPIO_SetOutputHigh
                0x100043c4       0x20 ./main.o
 .text.XMC_GPIO_SetOutputLow
                0x100043e4       0x24 ./main.o
 .text.XMC_GPIO_ToggleOutput
                0x10004408       0x24 ./main.o
 .text.XMC_GPIO_GetInput
                0x1000442c       0x28 ./main.o
 .text.I2C_MASTER_TransmitByte
                0x10004454       0x24 ./main.o
 .text.I2C_MASTER_SendStop
                0x10004478       0x18 ./main.o
 .text.I2C_MASTER_SendStart
                0x10004490       0x2c ./main.o
 .text.I2C_MASTER_IsTxBusy
                0x100044bc       0x1c ./main.o
 .text.DIGITAL_IO_SetOutputHigh
                0x100044d8       0x20 ./main.o
 .text.DIGITAL_IO_SetOutputLow
                0x100044f8       0x20 ./main.o
 .text.DIGITAL_IO_ToggleOutput
                0x10004518       0x20 ./main.o
 .text.DIGITAL_IO_GetInput
                0x10004538       0x24 ./main.o
 .text.main     0x1000455c      0x2fc ./main.o
                0x1000455c                main
 .text.a_button_pressed
                0x10004858       0x64 ./main.o
                0x10004858                a_button_pressed
 .text.fast_tick
                0x100048bc      0x1a8 ./main.o
                0x100048bc                fast_tick
 .text.random_num
                0x10004a64       0x74 ./main.o
                0x10004a64                random_num
 .text.setup_game
                0x10004ad8      0x124 ./main.o
                0x10004ad8                setup_game
 .text.user_play
                0x10004bfc      0x100 ./main.o
                0x10004bfc                user_play
 .text.count_ones
                0x10004cfc       0x68 ./main.o
                0x10004cfc                count_ones
 .text.computer_play
                0x10004d64      0x4b0 ./main.o
                0x10004d64                computer_play
 .text.show_status
                0x10005214       0x18 ./main.o
                0x10005214                show_status
 .text.set_led  0x1000522c       0x38 ./main.o
                0x1000522c                set_led
 .text.play_tone
                0x10005264       0x94 ./main.o
                0x10005264                play_tone
 .text.display_init
                0x100052f8       0x5c ./main.o
                0x100052f8                display_init
 .text.display_write
                0x10005354       0xac ./main.o
                0x10005354                display_write
 .text.display_ram_blank
                0x10005400       0x38 ./main.o
                0x10005400                display_ram_blank
 .text.plot_ram_pixel
                0x10005438       0x60 ./main.o
                0x10005438                plot_ram_pixel
 .text.plot_ram_rows
                0x10005498       0x90 ./main.o
                0x10005498                plot_ram_rows
 .text.scroll_text
                0x10005528      0x22c ./main.o
                0x10005528                scroll_text
 .text          0x10005754      0x120 c:/davev4-64bit/dave-4.3.2/eclipse/arm-gcc-49/bin/../lib/gcc/arm-none-eabi/4.9.3/armv6-m\libgcc.a(_udivsi3.o)
                0x10005754                __aeabi_uidiv
                0x10005754                __udivsi3
                0x10005860                __aeabi_uidivmod
 .text          0x10005874        0x4 c:/davev4-64bit/dave-4.3.2/eclipse/arm-gcc-49/bin/../lib/gcc/arm-none-eabi/4.9.3/armv6-m\libgcc.a(_dvmd_tls.o)
                0x10005874                __aeabi_idiv0
                0x10005874                __aeabi_ldiv0
 .text.__libc_init_array
                0x10005878       0x4c c:/davev4-64bit/dave-4.3.2/eclipse/arm-gcc-49/bin/../lib/gcc/arm-none-eabi/4.9.3/../../../../arm-none-eabi/lib/armv6-m\libg_nano.a(lib_a-init.o)
                0x10005878                __libc_init_array
 *(.init)
 *(.fini)
 *crtbegin.o(.ctors)
 *crtbegin?.o(.ctors)
 *(EXCLUDE_FILE(*crtend.o *crtend?.o) .ctors)
 *(SORT(.ctors.*))
 *(.ctors)
 *crtbegin.o(.dtors)
 *crtbegin?.o(.dtors)
 *(EXCLUDE_FILE(*crtend.o *crtend?.o) .dtors)
 *(SORT(.dtors.*))
 *(.dtors)
 *(.rodata .rodata.*)
 .rodata.XMC_CCU4_SLICE_SetInterruptNode
                0x100058c4       0x28 ./Libraries/XMCLib/src/xmc_ccu4.o
 .rodata.pwm1_timer_handle
                0x100058ec        0x8 ./Dave/Generated/PWM_CCU4/pwm_ccu4_conf.o
                0x100058ec                pwm1_timer_handle
 .rodata.pwm1_event0_config
                0x100058f4        0x4 ./Dave/Generated/PWM_CCU4/pwm_ccu4_conf.o
                0x100058f4                pwm1_event0_config
 .rodata.pwm1_event1_config
                0x100058f8        0x4 ./Dave/Generated/PWM_CCU4/pwm_ccu4_conf.o
                0x100058f8                pwm1_event1_config
 .rodata.pwm1_event2_config
                0x100058fc        0x4 ./Dave/Generated/PWM_CCU4/pwm_ccu4_conf.o
                0x100058fc                pwm1_event2_config
 .rodata.pwm1_ch1_out0_config
                0x10005900        0x8 ./Dave/Generated/PWM_CCU4/pwm_ccu4_conf.o
                0x10005900                pwm1_ch1_out0_config
 .rodata.pwm1_config_handle
                0x10005908       0x50 ./Dave/Generated/PWM_CCU4/pwm_ccu4_conf.o
                0x10005908                pwm1_config_handle
 .rodata.i2c_bus_channel_config
                0x10005958        0x8 ./Dave/Generated/I2C_MASTER/i2c_master_conf.o
                0x10005958                i2c_bus_channel_config
 .rodata.i2c_bus_config
                0x10005960       0x20 ./Dave/Generated/I2C_MASTER/i2c_master_conf.o
                0x10005960                i2c_bus_config
 .rodata.button1
                0x10005980       0x10 ./Dave/Generated/DIGITAL_IO/digital_io_conf.o
                0x10005980                button1
 .rodata.button2
                0x10005990       0x10 ./Dave/Generated/DIGITAL_IO/digital_io_conf.o
                0x10005990                button2
 .rodata.button3
                0x100059a0       0x10 ./Dave/Generated/DIGITAL_IO/digital_io_conf.o
                0x100059a0                button3
 .rodata.button4
                0x100059b0       0x10 ./Dave/Generated/DIGITAL_IO/digital_io_conf.o
                0x100059b0                button4
 .rodata.button5
                0x100059c0       0x10 ./Dave/Generated/DIGITAL_IO/digital_io_conf.o
                0x100059c0                button5
 .rodata.button_computer
                0x100059d0       0x10 ./Dave/Generated/DIGITAL_IO/digital_io_conf.o
                0x100059d0                button_computer
 .rodata.led2   0x100059e0       0x10 ./Dave/Generated/DIGITAL_IO/digital_io_conf.o
                0x100059e0                led2
 .rodata        0x100059f0        0xc ./Dave/Generated/CLOCK_XMC1/clock_xmc1_conf.o
 .rodata.display_init_data
                0x100059fc        0x4 ./main.o
                0x100059fc                display_init_data
 .rodata        0x10005a00       0x1c ./main.o
 .rodata.setup_game
                0x10005a1c       0x18 ./main.o
 .rodata.alpha_bitmap
                0x10005a34      0x1a0 ./main.o
                0x10005a34                alpha_bitmap
 *(.gnu.linkonce.r*)

.glue_7         0x10005bd4        0x0
 .glue_7        0x00000000        0x0 linker stubs

.glue_7t        0x10005bd4        0x0
 .glue_7t       0x00000000        0x0 linker stubs

.vfp11_veneer   0x10005bd4        0x0
 .vfp11_veneer  0x00000000        0x0 linker stubs

.v4_bx          0x10005bd4        0x0
 .v4_bx         0x00000000        0x0 linker stubs

.iplt           0x10005bd4        0x0
 .iplt          0x00000000        0x0 ./Startup/startup_XMC1100.o

.eh_frame_hdr
 *(.eh_frame_hdr)

.eh_frame
 *(.eh_frame)

.ARM.extab
 *(.ARM.extab* .gnu.linkonce.armextab.*)
                0x10005bd4                . = ALIGN (0x4)
                0x10005bd4                __exidx_start = .

.ARM.exidx
 *(.ARM.exidx* .gnu.linkonce.armexidx.*)
                0x10005bd4                __exidx_end = .
                0x10005bd4                . = ALIGN (0x4)
                0x10005bd4                eROData = .

.VENEER_Code    0x2000000c      0x110 load address 0x10005bd4
                0x2000000c                . = ALIGN (0x4)
                0x2000000c                VeneerStart = .
 *(.XmcVeneerCode)
 .XmcVeneerCode
                0x2000000c      0x110 ./Startup/startup_XMC1100.o
                0x2000000c                HardFault_Veneer
                0x2000002c                SVC_Veneer
                0x20000038                PendSV_Veneer
                0x2000003c                SysTick_Veneer
                0x20000040                SCU_0_Veneer
                0x20000044                SCU_1_Veneer
                0x20000048                SCU_2_Veneer
                0x2000004c                SCU_3_Veneer
                0x20000050                SCU_4_Veneer
                0x20000054                SCU_5_Veneer
                0x20000058                SCU_6_Veneer
                0x20000064                USIC0_0_Veneer
                0x20000068                USIC0_1_Veneer
                0x2000006c                USIC0_2_Veneer
                0x20000070                USIC0_3_Veneer
                0x20000074                USIC0_4_Veneer
                0x20000078                USIC0_5_Veneer
                0x2000007c                VADC0_C0_0_Veneer
                0x20000080                VADC0_C0_1_Veneer
                0x20000094                CCU40_0_Veneer
                0x20000098                CCU40_1_Veneer
                0x2000009c                CCU40_2_Veneer
                0x200000a0                CCU40_3_Veneer
                0x2000011c                . = ALIGN (0x4)
                0x2000011c                VeneerEnd = .
                0x00000110                VeneerSize = (ABSOLUTE (VeneerEnd) - ABSOLUTE (VeneerStart))

.rel.dyn        0x2000011c        0x0 load address 0x10005ce4
 .rel.iplt      0x00000000        0x0 ./Startup/startup_XMC1100.o

Stack           0x2000011c      0x404 load address 0x00000000
                0x20000120                . = ALIGN (0x8)
 *fill*         0x2000011c        0x4 
                0x20000520                . = (. + stack_size)
 *fill*         0x20000120      0x400 
                0x20000520                __initial_sp = .
                0x10005ce4                DataLoadAddr = (eROData + VeneerSize)

.data           0x20000520       0x78 load address 0x10005ce4
                0x20000520                . = ALIGN (0x4)
                0x20000520                __data_start = .
 *(vtable)
 *(.data)
 *(.data*)
 .data.pwm1     0x20000520       0x28 ./Dave/Generated/PWM_CCU4/pwm_ccu4_conf.o
                0x20000520                pwm1
 .data.i2c_bus_runtime
                0x20000548       0x2c ./Dave/Generated/I2C_MASTER/i2c_master_conf.o
                0x20000548                i2c_bus_runtime
 .data.i2c_bus  0x20000574        0xc ./Dave/Generated/I2C_MASTER/i2c_master_conf.o
                0x20000574                i2c_bus
 .data.GLOBAL_CCU4_0
                0x20000580       0x10 ./Dave/Generated/GLOBAL_CCU4/global_ccu4_conf.o
                0x20000580                GLOBAL_CCU4_0
 .data.level    0x20000590        0x1 ./main.o
                0x20000590                level
 .data.rows     0x20000591        0x1 ./main.o
                0x20000591                rows
 .data.randreg  0x20000592        0x2 ./main.o
                0x20000592                randreg
 .data.heartbeat_timer
                0x20000594        0x4 ./main.o
                0x20000594                heartbeat_timer
 *(*.data)
 *(.gnu.linkonce.d*)
                0x20000598                . = ALIGN (0x4)
                0x20000598                PROVIDE (__preinit_array_start, .)
 *(.preinit_array)
                0x20000598                PROVIDE (__preinit_array_end, .)
                0x20000598                . = ALIGN (0x4)
                0x20000598                PROVIDE (__init_array_start, .)
 *(SORT(.init_array.*))
 *(.init_array)
                0x20000598                PROVIDE (__init_array_end, .)
                0x20000598                . = ALIGN (0x4)
                0x20000598                PROVIDE (__fini_array_start, .)
 *(SORT(.fini_array.*))
 *(.fini_array)
                0x20000598                PROVIDE (__fini_array_end, .)
                0x20000598                . = ALIGN (0x4)
                0x20000598                __data_end = .
                0x00000078                __data_size = (__data_end - __data_start)

.igot.plt       0x20000598        0x0 load address 0x10005d5c
 .igot.plt      0x00000000        0x0 ./Startup/startup_XMC1100.o

.ram_code       0x20000598        0x0 load address 0x10005d5c
                0x20000598                . = ALIGN (0x4)
                0x20000598                __ram_code_start = .
 *(.ram_code)
                0x20000598                . = ALIGN (0x4)
                0x20000598                __ram_code_end = .
                0x10005d5c                __ram_code_load = LOADADDR (.ram_code)
                0x00000000                __ram_code_size = (__ram_code_end - __ram_code_start)

.bss            0x20000598      0x190 load address 0x10005d5c
                0x20000598                . = ALIGN (0x4)
                0x20000598                __bss_start = .
 *(.bss)
 *(.bss*)
 .bss.IDIV.4706
                0x20000598        0x4 ./Startup/system_XMC1100.o
 .bss.FDIV.4707
                0x2000059c        0x4 ./Startup/system_XMC1100.o
 .bss.g_timer_list
                0x200005a0        0x4 ./Dave/Generated/SYSTIMER/systimer.o
                0x200005a0                g_timer_list
 .bss.g_timer_tracker
                0x200005a4        0x4 ./Dave/Generated/SYSTIMER/systimer.o
                0x200005a4                g_timer_tracker
 .bss.g_systick_count
                0x200005a8        0x4 ./Dave/Generated/SYSTIMER/systimer.o
                0x200005a8                g_systick_count
 .bss.sys_timer
                0x200005ac        0x4 ./Dave/Generated/SYSTIMER/systimer_conf.o
                0x200005ac                sys_timer
 .bss.CLOCK_XMC1_0
                0x200005b0        0x4 ./Dave/Generated/CLOCK_XMC1/clock_xmc1_conf.o
                0x200005b0                CLOCK_XMC1_0
 .bss.current_selection
                0x200005b4        0x1 ./main.o
                0x200005b4                current_selection
 .bss.do_all_button_inhibit
                0x200005b5        0x1 ./main.o
                0x200005b5                do_all_button_inhibit
 *fill*         0x200005b6        0x2 
 .bss.press_ticks
                0x200005b8        0x4 ./main.o
                0x200005b8                press_ticks
 .bss.command_press
                0x200005bc        0x1 ./main.o
                0x200005bc                command_press
 .bss.playing   0x200005bd        0x1 ./main.o
                0x200005bd                playing
 *fill*         0x200005be        0x2 
 .bss.general_timer
                0x200005c0        0x4 ./main.o
                0x200005c0                general_timer
 .bss.display_update_timer
                0x200005c4        0x4 ./main.o
                0x200005c4                display_update_timer
 *(COMMON)
 COMMON         0x200005c8      0x120 ./Dave/Generated/SYSTIMER/systimer.o
                0x200005c8                g_timer_tbl
 COMMON         0x200006e8       0x3c ./main.o
                0x200006e8                button_handle
                0x20000700                numsticks
                0x20000708                button_status
                0x20000710                display_ram
                0x20000720                timer_id
 *(.gnu.linkonce.b*)
                0x20000724                . = ALIGN (0x4)
                0x20000724                __bss_end = .
                0x20000728                . = ALIGN (0x8)
 *fill*         0x20000724        0x4 
                0x20000728                Heap_Bank1_Start = .
                0x0000018c                __bss_size = (__bss_end - __bss_start)

.no_init        0x20003ffc        0x4 load address 0x100097c0
                0x20003ffc                Heap_Bank1_End = .
 *(.no_init)
 .no_init       0x20003ffc        0x4 ./Startup/system_XMC1100.o
                0x20003ffc                SystemCoreClock
                0x000038d4                Heap_Bank1_Size = (Heap_Bank1_End - Heap_Bank1_Start)
                0x00000001                ASSERT ((Heap_Bank1_Start <= Heap_Bank1_End), region SRAM overflowed no_init section)

/DISCARD/
 *(.comment)

.stab
 *(.stab)

.stabstr
 *(.stabstr)

.debug
 *(.debug)

.line
 *(.line)

.debug_srcinfo
 *(.debug_srcinfo)

.debug_sfnames
 *(.debug_sfnames)

.debug_aranges  0x00000000      0xa50
 *(.debug_aranges)
 .debug_aranges
                0x00000000       0x28 ./Startup/startup_XMC1100.o
 .debug_aranges
                0x00000028       0x38 ./Startup/system_XMC1100.o
 .debug_aranges
                0x00000060       0x28 ./Libraries/XMCLib/src/xmc1_gpio.o
 .debug_aranges
                0x00000088      0x120 ./Libraries/XMCLib/src/xmc1_scu.o
 .debug_aranges
                0x000001a8      0x128 ./Libraries/XMCLib/src/xmc_ccu4.o
 .debug_aranges
                0x000002d0       0x28 ./Libraries/XMCLib/src/xmc_gpio.o
 .debug_aranges
                0x000002f8       0xa8 ./Libraries/XMCLib/src/xmc_i2c.o
 .debug_aranges
                0x000003a0       0x90 ./Libraries/XMCLib/src/xmc_usic.o
 .debug_aranges
                0x00000430       0x28 ./Libraries/Newlib/syscalls.o
 .debug_aranges
                0x00000458       0x98 ./Dave/Generated/SYSTIMER/systimer.o
 .debug_aranges
                0x000004f0       0x18 ./Dave/Generated/SYSTIMER/systimer_conf.o
 .debug_aranges
                0x00000508      0x108 ./Dave/Generated/PWM_CCU4/pwm_ccu4.o
 .debug_aranges
                0x00000610       0x18 ./Dave/Generated/PWM_CCU4/pwm_ccu4_conf.o
 .debug_aranges
                0x00000628      0x1a8 ./Dave/Generated/I2C_MASTER/i2c_master.o
 .debug_aranges
                0x000007d0       0x68 ./Dave/Generated/I2C_MASTER/i2c_master_conf.o
 .debug_aranges
                0x00000838       0x30 ./Dave/Generated/GLOBAL_CCU4/global_ccu4.o
 .debug_aranges
                0x00000868       0x18 ./Dave/Generated/GLOBAL_CCU4/global_ccu4_conf.o
 .debug_aranges
                0x00000880       0x28 ./Dave/Generated/DIGITAL_IO/digital_io.o
 .debug_aranges
                0x000008a8       0x18 ./Dave/Generated/DIGITAL_IO/digital_io_conf.o
 .debug_aranges
                0x000008c0       0x20 ./Dave/Generated/CPU_CTRL_XMC1/cpu_ctrl_xmc1_conf.o
 .debug_aranges
                0x000008e0       0x30 ./Dave/Generated/CLOCK_XMC1/clock_xmc1.o
 .debug_aranges
                0x00000910       0x20 ./Dave/Generated/CLOCK_XMC1/clock_xmc1_conf.o
 .debug_aranges
                0x00000930       0x20 ./Dave/Generated/DAVE.o
 .debug_aranges
                0x00000950      0x100 ./main.o

.debug_pubnames
 *(.debug_pubnames)

.debug_pubtypes
 *(.debug_pubtypes)

.debug_info     0x00000000     0xe130
 *(.debug_info .gnu.linkonce.wi.*)
 .debug_info    0x00000000       0x77 ./Startup/startup_XMC1100.o
 .debug_info    0x00000077      0x38b ./Startup/system_XMC1100.o
 .debug_info    0x00000402      0x410 ./Libraries/XMCLib/src/xmc1_gpio.o
 .debug_info    0x00000812      0xcbd ./Libraries/XMCLib/src/xmc1_scu.o
 .debug_info    0x000014cf     0x1410 ./Libraries/XMCLib/src/xmc_ccu4.o
 .debug_info    0x000028df      0x3a3 ./Libraries/XMCLib/src/xmc_gpio.o
 .debug_info    0x00002c82      0xa2d ./Libraries/XMCLib/src/xmc_i2c.o
 .debug_info    0x000036af      0xa75 ./Libraries/XMCLib/src/xmc_usic.o
 .debug_info    0x00004124      0x11f ./Libraries/Newlib/syscalls.o
 .debug_info    0x00004243      0x94f ./Dave/Generated/SYSTIMER/systimer.o
 .debug_info    0x00004b92       0xb1 ./Dave/Generated/SYSTIMER/systimer_conf.o
 .debug_info    0x00004c43     0x1701 ./Dave/Generated/PWM_CCU4/pwm_ccu4.o
 .debug_info    0x00006344      0xfd6 ./Dave/Generated/PWM_CCU4/pwm_ccu4_conf.o
 .debug_info    0x0000731a     0x1647 ./Dave/Generated/I2C_MASTER/i2c_master.o
 .debug_info    0x00008961      0xf1b ./Dave/Generated/I2C_MASTER/i2c_master_conf.o
 .debug_info    0x0000987c      0x33f ./Dave/Generated/GLOBAL_CCU4/global_ccu4.o
 .debug_info    0x00009bbb      0x23f ./Dave/Generated/GLOBAL_CCU4/global_ccu4_conf.o
 .debug_info    0x00009dfa      0x4c5 ./Dave/Generated/DIGITAL_IO/digital_io.o
 .debug_info    0x0000a2bf      0x46c ./Dave/Generated/DIGITAL_IO/digital_io_conf.o
 .debug_info    0x0000a72b       0xd3 ./Dave/Generated/CPU_CTRL_XMC1/cpu_ctrl_xmc1_conf.o
 .debug_info    0x0000a7fe      0x219 ./Dave/Generated/CLOCK_XMC1/clock_xmc1.o
 .debug_info    0x0000aa17      0x1de ./Dave/Generated/CLOCK_XMC1/clock_xmc1_conf.o
 .debug_info    0x0000abf5     0x1603 ./Dave/Generated/DAVE.o
 .debug_info    0x0000c1f8     0x1f38 ./main.o

.debug_abbrev   0x00000000     0x217e
 *(.debug_abbrev)
 .debug_abbrev  0x00000000       0x12 ./Startup/startup_XMC1100.o
 .debug_abbrev  0x00000012       0xfb ./Startup/system_XMC1100.o
 .debug_abbrev  0x0000010d       0xdf ./Libraries/XMCLib/src/xmc1_gpio.o
 .debug_abbrev  0x000001ec      0x22c ./Libraries/XMCLib/src/xmc1_scu.o
 .debug_abbrev  0x00000418      0x1eb ./Libraries/XMCLib/src/xmc_ccu4.o
 .debug_abbrev  0x00000603       0xdf ./Libraries/XMCLib/src/xmc_gpio.o
 .debug_abbrev  0x000006e2      0x27e ./Libraries/XMCLib/src/xmc_i2c.o
 .debug_abbrev  0x00000960      0x1da ./Libraries/XMCLib/src/xmc_usic.o
 .debug_abbrev  0x00000b3a       0xbd ./Libraries/Newlib/syscalls.o
 .debug_abbrev  0x00000bf7      0x249 ./Dave/Generated/SYSTIMER/systimer.o
 .debug_abbrev  0x00000e40       0x62 ./Dave/Generated/SYSTIMER/systimer_conf.o
 .debug_abbrev  0x00000ea2      0x259 ./Dave/Generated/PWM_CCU4/pwm_ccu4.o
 .debug_abbrev  0x000010fb      0x158 ./Dave/Generated/PWM_CCU4/pwm_ccu4_conf.o
 .debug_abbrev  0x00001253      0x292 ./Dave/Generated/I2C_MASTER/i2c_master.o
 .debug_abbrev  0x000014e5      0x1ee ./Dave/Generated/I2C_MASTER/i2c_master_conf.o
 .debug_abbrev  0x000016d3      0x15e ./Dave/Generated/GLOBAL_CCU4/global_ccu4.o
 .debug_abbrev  0x00001831       0xdd ./Dave/Generated/GLOBAL_CCU4/global_ccu4_conf.o
 .debug_abbrev  0x0000190e       0xfd ./Dave/Generated/DIGITAL_IO/digital_io.o
 .debug_abbrev  0x00001a0b       0xb2 ./Dave/Generated/DIGITAL_IO/digital_io_conf.o
 .debug_abbrev  0x00001abd       0x80 ./Dave/Generated/CPU_CTRL_XMC1/cpu_ctrl_xmc1_conf.o
 .debug_abbrev  0x00001b3d       0xdd ./Dave/Generated/CLOCK_XMC1/clock_xmc1.o
 .debug_abbrev  0x00001c1a       0xec ./Dave/Generated/CLOCK_XMC1/clock_xmc1_conf.o
 .debug_abbrev  0x00001d06      0x19b ./Dave/Generated/DAVE.o
 .debug_abbrev  0x00001ea1      0x2dd ./main.o

.debug_line     0x00000000     0x48b8
 *(.debug_line)
 .debug_line    0x00000000       0xe6 ./Startup/startup_XMC1100.o
 .debug_line    0x000000e6      0x1b2 ./Startup/system_XMC1100.o
 .debug_line    0x00000298      0x189 ./Libraries/XMCLib/src/xmc1_gpio.o
 .debug_line    0x00000421      0x4e3 ./Libraries/XMCLib/src/xmc1_scu.o
 .debug_line    0x00000904      0x55a ./Libraries/XMCLib/src/xmc_ccu4.o
 .debug_line    0x00000e5e      0x17d ./Libraries/XMCLib/src/xmc_gpio.o
 .debug_line    0x00000fdb      0x328 ./Libraries/XMCLib/src/xmc_i2c.o
 .debug_line    0x00001303      0x372 ./Libraries/XMCLib/src/xmc_usic.o
 .debug_line    0x00001675       0xbd ./Libraries/Newlib/syscalls.o
 .debug_line    0x00001732      0x41c ./Dave/Generated/SYSTIMER/systimer.o
 .debug_line    0x00001b4e       0x59 ./Dave/Generated/SYSTIMER/systimer_conf.o
 .debug_line    0x00001ba7      0x596 ./Dave/Generated/PWM_CCU4/pwm_ccu4.o
 .debug_line    0x0000213d      0x25b ./Dave/Generated/PWM_CCU4/pwm_ccu4_conf.o
 .debug_line    0x00002398      0x79a ./Dave/Generated/I2C_MASTER/i2c_master.o
 .debug_line    0x00002b32      0x348 ./Dave/Generated/I2C_MASTER/i2c_master_conf.o
 .debug_line    0x00002e7a      0x281 ./Dave/Generated/GLOBAL_CCU4/global_ccu4.o
 .debug_line    0x000030fb      0x1f4 ./Dave/Generated/GLOBAL_CCU4/global_ccu4_conf.o
 .debug_line    0x000032ef      0x1e6 ./Dave/Generated/DIGITAL_IO/digital_io.o
 .debug_line    0x000034d5      0x171 ./Dave/Generated/DIGITAL_IO/digital_io_conf.o
 .debug_line    0x00003646       0x78 ./Dave/Generated/CPU_CTRL_XMC1/cpu_ctrl_xmc1_conf.o
 .debug_line    0x000036be      0x214 ./Dave/Generated/CLOCK_XMC1/clock_xmc1.o
 .debug_line    0x000038d2      0x1eb ./Dave/Generated/CLOCK_XMC1/clock_xmc1_conf.o
 .debug_line    0x00003abd      0x3ab ./Dave/Generated/DAVE.o
 .debug_line    0x00003e68      0xa50 ./main.o

.debug_frame    0x00000000     0x2198
 *(.debug_frame)
 .debug_frame   0x00000000       0x80 ./Startup/system_XMC1100.o
 .debug_frame   0x00000080       0x58 ./Libraries/XMCLib/src/xmc1_gpio.o
 .debug_frame   0x000000d8      0x40c ./Libraries/XMCLib/src/xmc1_scu.o
 .debug_frame   0x000004e4      0x458 ./Libraries/XMCLib/src/xmc_ccu4.o
 .debug_frame   0x0000093c       0x54 ./Libraries/XMCLib/src/xmc_gpio.o
 .debug_frame   0x00000990      0x250 ./Libraries/XMCLib/src/xmc_i2c.o
 .debug_frame   0x00000be0      0x1f0 ./Libraries/XMCLib/src/xmc_usic.o
 .debug_frame   0x00000dd0       0x4c ./Libraries/Newlib/syscalls.o
 .debug_frame   0x00000e1c      0x218 ./Dave/Generated/SYSTIMER/systimer.o
 .debug_frame   0x00001034      0x3e4 ./Dave/Generated/PWM_CCU4/pwm_ccu4.o
 .debug_frame   0x00001418      0x664 ./Dave/Generated/I2C_MASTER/i2c_master.o
 .debug_frame   0x00001a7c      0x150 ./Dave/Generated/I2C_MASTER/i2c_master_conf.o
 .debug_frame   0x00001bcc       0x70 ./Dave/Generated/GLOBAL_CCU4/global_ccu4.o
 .debug_frame   0x00001c3c       0x50 ./Dave/Generated/DIGITAL_IO/digital_io.o
 .debug_frame   0x00001c8c       0x2c ./Dave/Generated/CPU_CTRL_XMC1/cpu_ctrl_xmc1_conf.o
 .debug_frame   0x00001cb8       0x70 ./Dave/Generated/CLOCK_XMC1/clock_xmc1.o
 .debug_frame   0x00001d28       0x34 ./Dave/Generated/CLOCK_XMC1/clock_xmc1_conf.o
 .debug_frame   0x00001d5c       0x34 ./Dave/Generated/DAVE.o
 .debug_frame   0x00001d90      0x3bc ./main.o
 .debug_frame   0x0000214c       0x20 c:/davev4-64bit/dave-4.3.2/eclipse/arm-gcc-49/bin/../lib/gcc/arm-none-eabi/4.9.3/armv6-m\libgcc.a(_udivsi3.o)
 .debug_frame   0x0000216c       0x2c c:/davev4-64bit/dave-4.3.2/eclipse/arm-gcc-49/bin/../lib/gcc/arm-none-eabi/4.9.3/../../../../arm-none-eabi/lib/armv6-m\libg_nano.a(lib_a-init.o)

.debug_str      0x00000000     0x6261
 *(.debug_str)
 .debug_str     0x00000000      0x2b4 ./Startup/system_XMC1100.o
                                0x2fa (size before relaxing)
 .debug_str     0x000002b4      0x5d0 ./Libraries/XMCLib/src/xmc1_gpio.o
                                0x7ac (size before relaxing)
 .debug_str     0x00000884      0x8d6 ./Libraries/XMCLib/src/xmc1_scu.o
                                0xb92 (size before relaxing)
 .debug_str     0x0000115a     0x12c6 ./Libraries/XMCLib/src/xmc_ccu4.o
                               0x15a7 (size before relaxing)
 .debug_str     0x00002420       0xca ./Libraries/XMCLib/src/xmc_gpio.o
                                0x6fa (size before relaxing)
 .debug_str     0x000024ea      0xa20 ./Libraries/XMCLib/src/xmc_i2c.o
                                0xc32 (size before relaxing)
 .debug_str     0x00002f0a      0x97b ./Libraries/XMCLib/src/xmc_usic.o
                                0xd8b (size before relaxing)
 .debug_str     0x00003885       0x6f ./Libraries/Newlib/syscalls.o
                                0x1f1 (size before relaxing)
 .debug_str     0x000038f4      0x57b ./Dave/Generated/SYSTIMER/systimer.o
                                0x797 (size before relaxing)
 .debug_str     0x00003e6f       0x35 ./Dave/Generated/SYSTIMER/systimer_conf.o
                                0x1d7 (size before relaxing)
 .debug_str     0x00003ea4      0xb18 ./Dave/Generated/PWM_CCU4/pwm_ccu4.o
                               0x1dfc (size before relaxing)
 .debug_str     0x000049bc      0x301 ./Dave/Generated/PWM_CCU4/pwm_ccu4_conf.o
                               0x1ba0 (size before relaxing)
 .debug_str     0x00004cbd      0xcf6 ./Dave/Generated/I2C_MASTER/i2c_master.o
                               0x16b5 (size before relaxing)
 .debug_str     0x000059b3      0x127 ./Dave/Generated/I2C_MASTER/i2c_master_conf.o
                               0x1396 (size before relaxing)
 .debug_str     0x00005ada       0x57 ./Dave/Generated/GLOBAL_CCU4/global_ccu4.o
                                0x49a (size before relaxing)
 .debug_str     0x00005b31       0x31 ./Dave/Generated/GLOBAL_CCU4/global_ccu4_conf.o
                                0x3ae (size before relaxing)
 .debug_str     0x00005b62       0xdf ./Dave/Generated/DIGITAL_IO/digital_io.o
                                0x8e6 (size before relaxing)
 .debug_str     0x00005c41       0x6c ./Dave/Generated/DIGITAL_IO/digital_io_conf.o
                                0x864 (size before relaxing)
 .debug_str     0x00005cad       0x63 ./Dave/Generated/CPU_CTRL_XMC1/cpu_ctrl_xmc1_conf.o
                                0x201 (size before relaxing)
 .debug_str     0x00005d10      0x138 ./Dave/Generated/CLOCK_XMC1/clock_xmc1.o
                                0x351 (size before relaxing)
 .debug_str     0x00005e48       0x50 ./Dave/Generated/CLOCK_XMC1/clock_xmc1_conf.o
                                0x3ca (size before relaxing)
 .debug_str     0x00005e98       0x65 ./Dave/Generated/DAVE.o
                               0x1d8d (size before relaxing)
 .debug_str     0x00005efd      0x364 ./main.o
                               0x22d3 (size before relaxing)

.debug_loc      0x00000000     0x3712
 *(.debug_loc)
 .debug_loc     0x00000000       0xb0 ./Startup/system_XMC1100.o
 .debug_loc     0x000000b0       0x70 ./Libraries/XMCLib/src/xmc1_gpio.o
 .debug_loc     0x00000120      0x6cc ./Libraries/XMCLib/src/xmc1_scu.o
 .debug_loc     0x000007ec      0x770 ./Libraries/XMCLib/src/xmc_ccu4.o
 .debug_loc     0x00000f5c       0x70 ./Libraries/XMCLib/src/xmc_gpio.o
 .debug_loc     0x00000fcc      0x3f0 ./Libraries/XMCLib/src/xmc_i2c.o
 .debug_loc     0x000013bc      0x34a ./Libraries/XMCLib/src/xmc_usic.o
 .debug_loc     0x00001706       0x64 ./Libraries/Newlib/syscalls.o
 .debug_loc     0x0000176a      0x368 ./Dave/Generated/SYSTIMER/systimer.o
 .debug_loc     0x00001ad2      0x690 ./Dave/Generated/PWM_CCU4/pwm_ccu4.o
 .debug_loc     0x00002162      0xaf0 ./Dave/Generated/I2C_MASTER/i2c_master.o
 .debug_loc     0x00002c52      0x218 ./Dave/Generated/I2C_MASTER/i2c_master_conf.o
 .debug_loc     0x00002e6a       0xa8 ./Dave/Generated/GLOBAL_CCU4/global_ccu4.o
 .debug_loc     0x00002f12       0x70 ./Dave/Generated/DIGITAL_IO/digital_io.o
 .debug_loc     0x00002f82       0x2c ./Dave/Generated/CPU_CTRL_XMC1/cpu_ctrl_xmc1_conf.o
 .debug_loc     0x00002fae       0xa8 ./Dave/Generated/CLOCK_XMC1/clock_xmc1.o
 .debug_loc     0x00003056       0x38 ./Dave/Generated/CLOCK_XMC1/clock_xmc1_conf.o
 .debug_loc     0x0000308e       0x38 ./Dave/Generated/DAVE.o
 .debug_loc     0x000030c6      0x64c ./main.o

.debug_macinfo
 *(.debug_macinfo)

.debug_ranges   0x00000000      0x8b8
 *(.debug_ranges)
 .debug_ranges  0x00000000       0x20 ./Startup/startup_XMC1100.o
 .debug_ranges  0x00000020       0x28 ./Startup/system_XMC1100.o
 .debug_ranges  0x00000048       0x18 ./Libraries/XMCLib/src/xmc1_gpio.o
 .debug_ranges  0x00000060      0x110 ./Libraries/XMCLib/src/xmc1_scu.o
 .debug_ranges  0x00000170      0x118 ./Libraries/XMCLib/src/xmc_ccu4.o
 .debug_ranges  0x00000288       0x18 ./Libraries/XMCLib/src/xmc_gpio.o
 .debug_ranges  0x000002a0       0x98 ./Libraries/XMCLib/src/xmc_i2c.o
 .debug_ranges  0x00000338       0x80 ./Libraries/XMCLib/src/xmc_usic.o
 .debug_ranges  0x000003b8       0x18 ./Libraries/Newlib/syscalls.o
 .debug_ranges  0x000003d0       0x88 ./Dave/Generated/SYSTIMER/systimer.o
 .debug_ranges  0x00000458       0xf8 ./Dave/Generated/PWM_CCU4/pwm_ccu4.o
 .debug_ranges  0x00000550      0x198 ./Dave/Generated/I2C_MASTER/i2c_master.o
 .debug_ranges  0x000006e8       0x58 ./Dave/Generated/I2C_MASTER/i2c_master_conf.o
 .debug_ranges  0x00000740       0x20 ./Dave/Generated/GLOBAL_CCU4/global_ccu4.o
 .debug_ranges  0x00000760       0x18 ./Dave/Generated/DIGITAL_IO/digital_io.o
 .debug_ranges  0x00000778       0x10 ./Dave/Generated/CPU_CTRL_XMC1/cpu_ctrl_xmc1_conf.o
 .debug_ranges  0x00000788       0x20 ./Dave/Generated/CLOCK_XMC1/clock_xmc1.o
 .debug_ranges  0x000007a8       0x10 ./Dave/Generated/CLOCK_XMC1/clock_xmc1_conf.o
 .debug_ranges  0x000007b8       0x10 ./Dave/Generated/DAVE.o
 .debug_ranges  0x000007c8       0xf0 ./main.o

.debug_weaknames
 *(.debug_weaknames)

.debug_funcnames
 *(.debug_funcnames)

.debug_typenames
 *(.debug_typenames)

.debug_varnames
 *(.debug_varnames)

.build_attributes
                0x00000000      0x4f0
 *(.ARM.attributes)
 .ARM.attributes
                0x00000000       0x21 ./Startup/startup_XMC1100.o
 .ARM.attributes
                0x00000021       0x31 ./Startup/system_XMC1100.o
 .ARM.attributes
                0x00000052       0x31 ./Libraries/XMCLib/src/xmc1_gpio.o
 .ARM.attributes
                0x00000083       0x31 ./Libraries/XMCLib/src/xmc1_scu.o
 .ARM.attributes
                0x000000b4       0x31 ./Libraries/XMCLib/src/xmc_ccu4.o
 .ARM.attributes
                0x000000e5       0x31 ./Libraries/XMCLib/src/xmc_gpio.o
 .ARM.attributes
                0x00000116       0x31 ./Libraries/XMCLib/src/xmc_i2c.o
 .ARM.attributes
                0x00000147       0x31 ./Libraries/XMCLib/src/xmc_usic.o
 .ARM.attributes
                0x00000178       0x31 ./Libraries/Newlib/syscalls.o
 .ARM.attributes
                0x000001a9       0x31 ./Dave/Generated/SYSTIMER/systimer.o
 .ARM.attributes
                0x000001da       0x31 ./Dave/Generated/SYSTIMER/systimer_conf.o
 .ARM.attributes
                0x0000020b       0x31 ./Dave/Generated/PWM_CCU4/pwm_ccu4.o
 .ARM.attributes
                0x0000023c       0x31 ./Dave/Generated/PWM_CCU4/pwm_ccu4_conf.o
 .ARM.attributes
                0x0000026d       0x31 ./Dave/Generated/I2C_MASTER/i2c_master.o
 .ARM.attributes
                0x0000029e       0x31 ./Dave/Generated/I2C_MASTER/i2c_master_conf.o
 .ARM.attributes
                0x000002cf       0x31 ./Dave/Generated/GLOBAL_CCU4/global_ccu4.o
 .ARM.attributes
                0x00000300       0x31 ./Dave/Generated/GLOBAL_CCU4/global_ccu4_conf.o
 .ARM.attributes
                0x00000331       0x31 ./Dave/Generated/DIGITAL_IO/digital_io.o
 .ARM.attributes
                0x00000362       0x31 ./Dave/Generated/DIGITAL_IO/digital_io_conf.o
 .ARM.attributes
                0x00000393       0x31 ./Dave/Generated/CPU_CTRL_XMC1/cpu_ctrl_xmc1_conf.o
 .ARM.attributes
                0x000003c4       0x31 ./Dave/Generated/CLOCK_XMC1/clock_xmc1.o
 .ARM.attributes
                0x000003f5       0x31 ./Dave/Generated/CLOCK_XMC1/clock_xmc1_conf.o
 .ARM.attributes
                0x00000426       0x31 ./Dave/Generated/DAVE.o
 .ARM.attributes
                0x00000457       0x31 ./main.o
 .ARM.attributes
                0x00000488       0x1e c:/davev4-64bit/dave-4.3.2/eclipse/arm-gcc-49/bin/../lib/gcc/arm-none-eabi/4.9.3/armv6-m\libgcc.a(_udivsi3.o)
 .ARM.attributes
                0x000004a6       0x1e c:/davev4-64bit/dave-4.3.2/eclipse/arm-gcc-49/bin/../lib/gcc/arm-none-eabi/4.9.3/armv6-m\libgcc.a(_dvmd_tls.o)
 .ARM.attributes
                0x000004c4       0x2c c:/davev4-64bit/dave-4.3.2/eclipse/arm-gcc-49/bin/../lib/gcc/arm-none-eabi/4.9.3/../../../../arm-none-eabi/lib/armv6-m\libg_nano.a(lib_a-init.o)
OUTPUT(pocket-nim.elf elf32-littlearm)
